A: 0
E: 1
I: 0
O: 1
U: 0
A: 3
E: 2
I: 7
O: 2
U: 2
