Prof. Erickson's Array Sandbox Question 1:
0 2 4 6 8 10 12 14 16 18