Enter a whole number:

Question 2:
0	0	0	0	0	0	0	0	0	
0	4	0	4	0	4	0	4	0	
0	0	0	0	0	0	0	0	0	
0	4	0	4	0	4	0	4	0	
0	0	0	0	0	0	0	0	0	
0	4	0	4	0	4	0	4	0	
0	0	0	0	0	0	0	0	0	
0	4	0	4	0	4	0	4	0	
0	0	0	0	0	0	0	0	0	

The sum of the values in this array is: 64