Enter a whole number:

Question 1:
0	0	0	0	
0	2	4	6	
0	4	8	12	
0	6	12	18	
0	8	16	24	
